The 4-print_square module
=========================

>>> print_square = __import__('4-print_square').print_square

>>> print_square(4)
####
####
####
####

>>> print_square()
Traceback (most recent call last):
TypeError: print_square() missing 1 required positional argument: 'size'

>>> print_square("sdasd")
Traceback (most recent call last):
TypeError: size must be an integer

>>> print_square(4, 2)
Traceback (most recent call last):
TypeError: print_square() takes 1 positional argument but 2 were given

>>> print_square(-2)
Traceback (most recent call last):
ValueError: size must be >= 0